{"challenge":"ZmFrZS1yYW5kb20tc3RyaW5n","rp":{"id":"acme.test","name":"https:\/\/acme.test"},"user":{"id":"MQ","name":"user@example.com","displayName":"user@example.com"},"pubKeyCredParams":[],"authenticatorSelection":{"requireResidentKey":true,"userVerification":"preferred","residentKey":"required"},"attestation":"none","excludeCredentials":[{"type":"public-key","id":"eHouz_Zi7-BmByHjJ_tx9h4a1WZsK4IzUmgGjkhyOodPGAyUqUp_B9yUkflXY3yHWsNtsrgCXQ3HjAIFUeZB-w"}]}